Copyright 1986-2020 Xilinx, Inc. All Rights Reserved.
-----------------------------------------------------------------------------------------------------------------------------
| Tool Version : Vivado v.2020.2 (win64) Build 3064766 Wed Nov 18 09:12:45 MST 2020
| Date         : Fri Apr  9 20:26:00 2021
| Host         : DESKTOP-P28JKS5 running 64-bit major release  (build 9200)
| Command      : report_utilization -file design_1_wrapper_utilization_placed.rpt -pb design_1_wrapper_utilization_placed.pb
| Design       : design_1_wrapper
| Device       : 7z020clg484-1
| Design State : Fully Placed
-----------------------------------------------------------------------------------------------------------------------------

Utilization Design Information

Table of Contents
-----------------
1. Slice Logic
1.1 Summary of Registers by Type
2. Slice Logic Distribution
3. Memory
4. DSP
5. IO and GT Specific
6. Clocking
7. Specific Feature
8. Primitives
9. Black Boxes
10. Instantiated Netlists

1. Slice Logic
--------------

+----------------------------+-------+-------+-----------+-------+
|          Site Type         |  Used | Fixed | Available | Util% |
+----------------------------+-------+-------+-----------+-------+
| Slice LUTs                 | 10045 |     0 |     53200 | 18.88 |
|   LUT as Logic             |  9223 |     0 |     53200 | 17.34 |
|   LUT as Memory            |   822 |     0 |     17400 |  4.72 |
|     LUT as Distributed RAM |   514 |     0 |           |       |
|     LUT as Shift Register  |   308 |     0 |           |       |
| Slice Registers            | 11113 |     0 |    106400 | 10.44 |
|   Register as Flip Flop    | 11113 |     0 |    106400 | 10.44 |
|   Register as Latch        |     0 |     0 |    106400 |  0.00 |
| F7 Muxes                   |   449 |     0 |     26600 |  1.69 |
| F8 Muxes                   |   100 |     0 |     13300 |  0.75 |
+----------------------------+-------+-------+-----------+-------+


1.1 Summary of Registers by Type
--------------------------------

+-------+--------------+-------------+--------------+
| Total | Clock Enable | Synchronous | Asynchronous |
+-------+--------------+-------------+--------------+
| 0     |            _ |           - |            - |
| 0     |            _ |           - |          Set |
| 0     |            _ |           - |        Reset |
| 0     |            _ |         Set |            - |
| 0     |            _ |       Reset |            - |
| 0     |          Yes |           - |            - |
| 48    |          Yes |           - |          Set |
| 260   |          Yes |           - |        Reset |
| 342   |          Yes |         Set |            - |
| 10463 |          Yes |       Reset |            - |
+-------+--------------+-------------+--------------+


2. Slice Logic Distribution
---------------------------

+--------------------------------------------+-------+-------+-----------+-------+
|                  Site Type                 |  Used | Fixed | Available | Util% |
+--------------------------------------------+-------+-------+-----------+-------+
| Slice                                      |  4291 |     0 |     13300 | 32.26 |
|   SLICEL                                   |  2957 |     0 |           |       |
|   SLICEM                                   |  1334 |     0 |           |       |
| LUT as Logic                               |  9223 |     0 |     53200 | 17.34 |
|   using O5 output only                     |     0 |       |           |       |
|   using O6 output only                     |  6779 |       |           |       |
|   using O5 and O6                          |  2444 |       |           |       |
| LUT as Memory                              |   822 |     0 |     17400 |  4.72 |
|   LUT as Distributed RAM                   |   514 |     0 |           |       |
|     using O5 output only                   |     0 |       |           |       |
|     using O6 output only                   |    62 |       |           |       |
|     using O5 and O6                        |   452 |       |           |       |
|   LUT as Shift Register                    |   308 |     0 |           |       |
|     using O5 output only                   |     3 |       |           |       |
|     using O6 output only                   |   137 |       |           |       |
|     using O5 and O6                        |   168 |       |           |       |
| Slice Registers                            | 11113 |     0 |    106400 | 10.44 |
|   Register driven from within the Slice    |  5610 |       |           |       |
|   Register driven from outside the Slice   |  5503 |       |           |       |
|     LUT in front of the register is unused |  4112 |       |           |       |
|     LUT in front of the register is used   |  1391 |       |           |       |
| Unique Control Sets                        |   652 |       |     13300 |  4.90 |
+--------------------------------------------+-------+-------+-----------+-------+
* * Note: Available Control Sets calculated as Slice * 1, Review the Control Sets Report for more information regarding control sets.


3. Memory
---------

+-------------------+------+-------+-----------+-------+
|     Site Type     | Used | Fixed | Available | Util% |
+-------------------+------+-------+-----------+-------+
| Block RAM Tile    |   65 |     0 |       140 | 46.43 |
|   RAMB36/FIFO*    |   65 |     0 |       140 | 46.43 |
|     RAMB36E1 only |   65 |       |           |       |
|   RAMB18          |    0 |     0 |       280 |  0.00 |
+-------------------+------+-------+-----------+-------+
* Note: Each Block RAM Tile only has one FIFO logic available and therefore can accommodate only one FIFO36E1 or one FIFO18E1. However, if a FIFO18E1 occupies a Block RAM Tile, that tile can still accommodate a RAMB18E1


4. DSP
------

+-----------+------+-------+-----------+-------+
| Site Type | Used | Fixed | Available | Util% |
+-----------+------+-------+-----------+-------+
| DSPs      |    0 |     0 |       220 |  0.00 |
+-----------+------+-------+-----------+-------+


5. IO and GT Specific
---------------------

+-----------------------------+------+-------+-----------+--------+
|          Site Type          | Used | Fixed | Available |  Util% |
+-----------------------------+------+-------+-----------+--------+
| Bonded IOB                  |   36 |    36 |       200 |  18.00 |
|   IOB Master Pads           |   18 |       |           |        |
|   IOB Slave Pads            |   16 |       |           |        |
| Bonded IPADs                |    0 |     0 |         2 |   0.00 |
| Bonded IOPADs               |  130 |   130 |       130 | 100.00 |
| PHY_CONTROL                 |    0 |     0 |         4 |   0.00 |
| PHASER_REF                  |    0 |     0 |         4 |   0.00 |
| OUT_FIFO                    |    0 |     0 |        16 |   0.00 |
| IN_FIFO                     |    0 |     0 |        16 |   0.00 |
| IDELAYCTRL                  |    0 |     0 |         4 |   0.00 |
| IBUFDS                      |    0 |     0 |       192 |   0.00 |
| PHASER_OUT/PHASER_OUT_PHY   |    0 |     0 |        16 |   0.00 |
| PHASER_IN/PHASER_IN_PHY     |    0 |     0 |        16 |   0.00 |
| IDELAYE2/IDELAYE2_FINEDELAY |    0 |     0 |       200 |   0.00 |
| ILOGIC                      |    0 |     0 |       200 |   0.00 |
| OLOGIC                      |    0 |     0 |       200 |   0.00 |
+-----------------------------+------+-------+-----------+--------+


6. Clocking
-----------

+------------+------+-------+-----------+-------+
|  Site Type | Used | Fixed | Available | Util% |
+------------+------+-------+-----------+-------+
| BUFGCTRL   |    4 |     0 |        32 | 12.50 |
| BUFIO      |    0 |     0 |        16 |  0.00 |
| MMCME2_ADV |    1 |     0 |         4 | 25.00 |
| PLLE2_ADV  |    0 |     0 |         4 |  0.00 |
| BUFMRCE    |    0 |     0 |         8 |  0.00 |
| BUFHCE     |    0 |     0 |        72 |  0.00 |
| BUFR       |    0 |     0 |        16 |  0.00 |
+------------+------+-------+-----------+-------+


7. Specific Feature
-------------------

+-------------+------+-------+-----------+-------+
|  Site Type  | Used | Fixed | Available | Util% |
+-------------+------+-------+-----------+-------+
| BSCANE2     |    1 |     0 |         4 | 25.00 |
| CAPTUREE2   |    0 |     0 |         1 |  0.00 |
| DNA_PORT    |    0 |     0 |         1 |  0.00 |
| EFUSE_USR   |    0 |     0 |         1 |  0.00 |
| FRAME_ECCE2 |    0 |     0 |         1 |  0.00 |
| ICAPE2      |    0 |     0 |         2 |  0.00 |
| STARTUPE2   |    0 |     0 |         1 |  0.00 |
| XADC        |    0 |     0 |         1 |  0.00 |
+-------------+------+-------+-----------+-------+


8. Primitives
-------------

+------------+-------+----------------------+
|  Ref Name  |  Used |  Functional Category |
+------------+-------+----------------------+
| FDRE       | 10463 |         Flop & Latch |
| LUT6       |  4242 |                  LUT |
| LUT5       |  1857 |                  LUT |
| LUT2       |  1790 |                  LUT |
| LUT3       |  1740 |                  LUT |
| LUT4       |  1707 |                  LUT |
| RAMD32     |   680 |   Distributed Memory |
| CARRY4     |   554 |           CarryLogic |
| MUXF7      |   449 |                MuxFx |
| FDSE       |   342 |         Flop & Latch |
| LUT1       |   331 |                  LUT |
| SRL16E     |   275 |   Distributed Memory |
| FDCE       |   260 |         Flop & Latch |
| RAMS32     |   226 |   Distributed Memory |
| SRLC32E    |   199 |   Distributed Memory |
| BIBUF      |   130 |                   IO |
| MUXF8      |   100 |                MuxFx |
| RAMB36E1   |    65 |         Block Memory |
| RAMD64E    |    60 |   Distributed Memory |
| FDPE       |    48 |         Flop & Latch |
| OBUF       |    22 |                   IO |
| IBUF       |    14 |                   IO |
| BUFG       |     4 |                Clock |
| SRLC16E    |     2 |   Distributed Memory |
| PS7        |     1 | Specialized Resource |
| MMCME2_ADV |     1 |                Clock |
| BSCANE2    |     1 |               Others |
+------------+-------+----------------------+


9. Black Boxes
--------------

+----------+------+
| Ref Name | Used |
+----------+------+


10. Instantiated Netlists
-------------------------

+-----------------------------------+------+
|              Ref Name             | Used |
+-----------------------------------+------+
| u_ila_0                           |    1 |
| design_1_xbar_1                   |    1 |
| design_1_vga_sync_0_0             |    1 |
| design_1_smartconnect_0_0         |    1 |
| design_1_rst_ps7_0_100M_1         |    1 |
| design_1_rst_clk_wiz_0_50M_0      |    1 |
| design_1_processing_system7_0_0   |    1 |
| design_1_mySPIRxTx_0_0            |    1 |
| design_1_myPrescaler_1_0          |    1 |
| design_1_myPrescaler_0_0          |    1 |
| design_1_myI2STx_0_0              |    1 |
| design_1_lfsr_7_0_2               |    1 |
| design_1_clk_wiz_0_0              |    1 |
| design_1_axi_gpio_1_0             |    1 |
| design_1_axi_gpio_0_0             |    1 |
| design_1_axi_fifo_mm_s_0_0        |    1 |
| design_1_axi_dma_0_0              |    1 |
| design_1_auto_pc_0                |    1 |
| design_1_GPU_controller_0_0       |    1 |
| design_1_Asteroid_graph_anima_0_0 |    1 |
| design_1_Asteroid_Menu_0_0        |    1 |
| dbg_hub                           |    1 |
+-----------------------------------+------+


